[INFO]    Initialized logging in Results/RegReports\pabot_results
[INFO]    Robot Framework remote server at 127.0.0.1:8270 started.
[DEBUG]   2026-04-05 21:49:51.784811 [PID:18564] [1] [ID:0] EXECUTING Suites.RegLoginTest
[DEBUG]   2026-04-05 21:49:51.806887 [PID:18596] [0] [ID:1] EXECUTING Suites.RegistrationTestPOM
[DEBUG]   2026-04-05 21:49:57.206976 [PID:18564] [1] [ID:0] still running Suites.RegLoginTest after 5.0s
[DEBUG]   2026-04-05 21:49:57.885877 [PID:18596] [0] [ID:1] still running Suites.RegistrationTestPOM after 5.0s
[DEBUG]   2026-04-05 21:50:08.022059 [PID:18564] [1] [ID:0] still running Suites.RegLoginTest after 15.0s
[DEBUG]   2026-04-05 21:50:08.604837 [PID:18596] [0] [ID:1] still running Suites.RegistrationTestPOM after 15.0s
[DEBUG]   2026-04-05 21:50:23.386565 [PID:18564] [1] [ID:0] still running Suites.RegLoginTest after 30.0s
[DEBUG]   2026-04-05 21:50:25.860971 [PID:18596] [0] [ID:1] still running Suites.RegistrationTestPOM after 30.0s
[DEBUG]   2026-04-05 21:50:44.001955 [PID:18564] [1] [ID:0] still running Suites.RegLoginTest after 50.0s
[DEBUG]   2026-04-05 21:50:46.977013 [PID:18596] [0] [ID:1] still running Suites.RegistrationTestPOM after 50.0s
[DEBUG]   2026-04-05 21:51:09.180433 [PID:18564] [1] [ID:0] still running Suites.RegLoginTest after 75.0s
[DEBUG]   2026-04-05 21:51:12.207314 [PID:18596] [0] [ID:1] still running Suites.RegistrationTestPOM after 75.0s
[DEBUG]   2026-04-05 21:51:39.390292 [PID:18564] [1] [ID:0] still running Suites.RegLoginTest after 105.0s
[DEBUG]   2026-04-05 21:51:42.410344 [PID:18596] [0] [ID:1] still running Suites.RegistrationTestPOM after 105.0s
[INFO]    2026-04-05 21:52:06.936323 [PID:18596] [0] [ID:1] PASSED Suites.RegistrationTestPOM in 136.0 seconds
[INFO]    2026-04-05 21:52:07.704127 [PID:18564] [1] [ID:0] PASSED Suites.RegLoginTest in 136.9 seconds
[INFO]    2 tests, 2 passed, 0 failed, 0 skipped.
[INFO]    ===================================================
[INFO]    Output:  C:\Users\shivangi.sahu\PycharmProjects\PythonProject\Automation_Robot\Results\RegReports\output.xml
[INFO]    Log:     C:\Users\shivangi.sahu\PycharmProjects\PythonProject\Automation_Robot\Results\RegReports\log.html
[INFO]    Report:  C:\Users\shivangi.sahu\PycharmProjects\PythonProject\Automation_Robot\Results\RegReports\report.html
[DEBUG]   Finalizing Pabot execution...
[DEBUG]   Stopping PabotLib process
[INFO]    Robot Framework remote server at 127.0.0.1:8270 stopped.
[DEBUG]   PabotLib process stopped
[INFO]    Total testing: 4 minutes 32.89 seconds
[INFO]    Elapsed time:  2 minutes 24.47 seconds
[DEBUG]   Logs flushed successfully.
